// Jest Snapshot v1, https://goo.gl/fbAQLP

exports[`<NotesListFilterSearch/> should render correctly 1`] = `
<div
  class="form-row pb-1"
>
  <div
    class="col"
  >
    <input
      class="form-control"
      id="note-search-input"
      placeholder="Search"
      type="text"
    />
  </div>
</div>
`;
