// Jest Snapshot v1, https://goo.gl/fbAQLP

exports[`<NoteSelector/> should render correctly 1`] = `
<div
  className="mh-100 col-3 pr-2"
>
  <NotesListFilterSearch
    onUpdateSearchQuery={[Function]}
  />
  <NoteList
    notes={
      Array [
        Object {
          "body": "This is Note#1",
          "id": 1,
          "lastChange": 1514761200000,
        },
        Object {
          "body": "This is Note#2",
          "id": 2,
          "lastChange": 1514847600000,
        },
        Object {
          "body": "This is Note#3",
          "id": 3,
          "lastChange": 1514934000000,
        },
        Object {
          "body": "This is Note#4",
          "id": 4,
          "lastChange": 1515020400000,
        },
      ]
    }
    searchQuery=""
  />
</div>
`;
